// Jest Snapshot v1, https://goo.gl/fbAQLP

exports[`Components Rendering the Amenities component 1`] = `ShallowWrapper {}`;
