// Jest Snapshot v1, https://goo.gl/fbAQLP

exports[`Components Rendering the Arrangment component 1`] = `ShallowWrapper {}`;
