// Jest Snapshot v1, https://goo.gl/fbAQLP

exports[`Components Rendering the Cancellation component 1`] = `ShallowWrapper {}`;
