// Jest Snapshot v1, https://goo.gl/fbAQLP

exports[`Components Rendering the Layout component 1`] = `ShallowWrapper {}`;
