// Jest Snapshot v1, https://goo.gl/fbAQLP

exports[`Components Rendering the Location component 1`] = `ShallowWrapper {}`;
