// Jest Snapshot v1, https://goo.gl/fbAQLP

exports[`Components Rendering the Lower Info component 1`] = `ShallowWrapper {}`;
