// Jest Snapshot v1, https://goo.gl/fbAQLP

exports[`Components Rendering the Nearby Cities component 1`] = `ShallowWrapper {}`;
