// Jest Snapshot v1, https://goo.gl/fbAQLP

exports[`Components Rendering the Owner Info component 1`] = `ShallowWrapper {}`;
