// Jest Snapshot v1, https://goo.gl/fbAQLP

exports[`Components Rendering the Related Listings component 1`] = `ShallowWrapper {}`;
