// Jest Snapshot v1, https://goo.gl/fbAQLP

exports[`Components Rendering the Rules component 1`] = `ShallowWrapper {}`;
